[0.440s][info][gc,start    ] GC(0) Pause Young (Normal) (G1 Evacuation Pause)
[0.441s][info][gc,task     ] GC(0) Using 3 workers of 10 for evacuation
[0.448s][info][gc,phases   ] GC(0)   Pre Evacuate Collection Set: 0.2ms
[0.449s][info][gc,phases   ] GC(0)   Merge Heap Roots: 0.5ms
[0.449s][info][gc,phases   ] GC(0)   Evacuate Collection Set: 5.2ms
[0.449s][info][gc,phases   ] GC(0)   Post Evacuate Collection Set: 1.0ms
[0.449s][info][gc,phases   ] GC(0)   Other: 0.7ms
[0.455s][info][gc,heap     ] GC(0) Eden regions: 5->0(3)
[0.455s][info][gc,heap     ] GC(0) Survivor regions: 0->1(1)
[0.455s][info][gc,heap     ] GC(0) Old regions: 0->1
[0.455s][info][gc,heap     ] GC(0) Humongous regions: 1->1
[0.456s][info][gc,metaspace] GC(0) Metaspace: 15115K(15296K)->15115K(15296K) NonClass: 13795K(13888K)->13795K(13888K) Class: 1320K(1408K)->1320K(1408K)
[0.456s][info][gc          ] GC(0) Pause Young (Normal) (G1 Evacuation Pause) 24M->11M(128M) 15.875ms
[0.456s][info][gc,cpu      ] GC(0) User=0.00s Sys=0.01s Real=0.02s
[0.530s][info][gc,start    ] GC(1) Pause Young (Normal) (G1 Evacuation Pause)
[0.530s][info][gc,task     ] GC(1) Using 6 workers of 10 for evacuation
[0.537s][info][gc,phases   ] GC(1)   Pre Evacuate Collection Set: 0.2ms
[0.538s][info][gc,phases   ] GC(1)   Merge Heap Roots: 0.1ms
[0.538s][info][gc,phases   ] GC(1)   Evacuate Collection Set: 6.2ms
[0.538s][info][gc,phases   ] GC(1)   Post Evacuate Collection Set: 0.7ms
[0.538s][info][gc,phases   ] GC(1)   Other: 0.4ms
[0.538s][info][gc,heap     ] GC(1) Eden regions: 3->0(8)
[0.538s][info][gc,heap     ] GC(1) Survivor regions: 1->1(1)
[0.538s][info][gc,heap     ] GC(1) Old regions: 1->3
[0.538s][info][gc,heap     ] GC(1) Humongous regions: 1->1
[0.539s][info][gc,metaspace] GC(1) Metaspace: 19926K(20224K)->19926K(20224K) NonClass: 18164K(18304K)->18164K(18304K) Class: 1761K(1920K)->1761K(1920K)
[0.539s][info][gc          ] GC(1) Pause Young (Normal) (G1 Evacuation Pause) 22M->17M(128M) 9.128ms
[0.539s][info][gc,cpu      ] GC(1) User=0.00s Sys=0.04s Real=0.01s
[0.569s][info][gc,start    ] GC(2) Pause Young (Concurrent Start) (Metadata GC Threshold)
[0.569s][info][gc,task     ] GC(2) Using 6 workers of 10 for evacuation
[0.588s][info][gc,phases   ] GC(2)   Pre Evacuate Collection Set: 0.2ms
[0.588s][info][gc,phases   ] GC(2)   Merge Heap Roots: 0.1ms
[0.588s][info][gc,phases   ] GC(2)   Evacuate Collection Set: 2.0ms
[0.588s][info][gc,phases   ] GC(2)   Post Evacuate Collection Set: 0.6ms
[0.588s][info][gc,phases   ] GC(2)   Other: 15.7ms
[0.589s][info][gc,heap     ] GC(2) Eden regions: 2->0(10)
[0.589s][info][gc,heap     ] GC(2) Survivor regions: 1->2(2)
[0.589s][info][gc,heap     ] GC(2) Old regions: 3->3
[0.589s][info][gc,heap     ] GC(2) Humongous regions: 1->1
[0.589s][info][gc,metaspace] GC(2) Metaspace: 21334K(21504K)->21334K(21504K) NonClass: 19445K(19520K)->19445K(19520K) Class: 1889K(1984K)->1889K(1984K)
[0.589s][info][gc          ] GC(2) Pause Young (Concurrent Start) (Metadata GC Threshold) 25M->20M(128M) 20.028ms
[0.589s][info][gc,cpu      ] GC(2) User=0.02s Sys=0.02s Real=0.02s
[0.589s][info][gc          ] GC(3) Concurrent Mark Cycle
[0.594s][info][gc,marking  ] GC(3) Concurrent Scan Root Regions
[0.595s][info][gc,marking  ] GC(3) Concurrent Scan Root Regions 1.860ms
[0.596s][info][gc,marking  ] GC(3) Concurrent Mark
[0.596s][info][gc,marking  ] GC(3) Concurrent Mark From Roots
[0.597s][info][gc,task     ] GC(3) Using 3 workers of 3 for marking
[0.602s][info][gc,marking  ] GC(3) Concurrent Mark From Roots 6.352ms
[0.603s][info][gc,marking  ] GC(3) Concurrent Preclean
[0.604s][info][gc,marking  ] GC(3) Concurrent Preclean 0.419ms
[0.604s][info][gc,start    ] GC(3) Pause Remark
[0.606s][info][gc          ] GC(3) Pause Remark 25M->25M(128M) 1.533ms
[0.606s][info][gc,cpu      ] GC(3) User=0.01s Sys=0.00s Real=0.00s
[0.606s][info][gc,marking  ] GC(3) Concurrent Mark 10.548ms
[0.607s][info][gc,marking  ] GC(3) Concurrent Rebuild Remembered Sets and Scrub Regions
[0.608s][info][gc,marking  ] GC(3) Concurrent Rebuild Remembered Sets and Scrub Regions 1.896ms
[0.609s][info][gc,start    ] GC(3) Pause Cleanup
[0.609s][info][gc          ] GC(3) Pause Cleanup 25M->25M(128M) 0.367ms
[0.609s][info][gc,cpu      ] GC(3) User=0.00s Sys=0.00s Real=0.00s
[0.610s][info][gc,marking  ] GC(3) Concurrent Clear Claimed Marks
[0.610s][info][gc,marking  ] GC(3) Concurrent Clear Claimed Marks 0.143ms
[0.610s][info][gc,marking  ] GC(3) Concurrent Cleanup for Next Mark
[0.612s][info][gc,marking  ] GC(3) Concurrent Cleanup for Next Mark 2.284ms
[0.612s][info][gc          ] GC(3) Concurrent Mark Cycle 23.080ms
[0.880s][info][gc,start    ] GC(4) Pause Young (Concurrent Start) (Metadata GC Threshold)
[0.881s][info][gc,task     ] GC(4) Using 6 workers of 10 for evacuation
[0.899s][info][gc,phases   ] GC(4)   Pre Evacuate Collection Set: 0.2ms
[0.899s][info][gc,phases   ] GC(4)   Merge Heap Roots: 0.1ms
[0.900s][info][gc,phases   ] GC(4)   Evacuate Collection Set: 17.1ms
[0.900s][info][gc,phases   ] GC(4)   Post Evacuate Collection Set: 0.9ms
[0.900s][info][gc,phases   ] GC(4)   Other: 0.2ms
[0.900s][info][gc,heap     ] GC(4) Eden regions: 9->0(8)
[0.900s][info][gc,heap     ] GC(4) Survivor regions: 2->2(2)
[0.900s][info][gc,heap     ] GC(4) Old regions: 3->5
[0.900s][info][gc,heap     ] GC(4) Humongous regions: 1->1
[0.900s][info][gc,metaspace] GC(4) Metaspace: 36483K(36928K)->36483K(36928K) NonClass: 32842K(33088K)->32842K(33088K) Class: 3641K(3840K)->3641K(3840K)
[0.900s][info][gc          ] GC(4) Pause Young (Concurrent Start) (Metadata GC Threshold) 55M->31M(128M) 20.017ms
[0.901s][info][gc,cpu      ] GC(4) User=0.06s Sys=0.08s Real=0.02s
[0.901s][info][gc          ] GC(5) Concurrent Mark Cycle
[0.901s][info][gc,marking  ] GC(5) Concurrent Scan Root Regions
[0.905s][info][gc,marking  ] GC(5) Concurrent Scan Root Regions 4.050ms
[0.905s][info][gc,marking  ] GC(5) Concurrent Mark
[0.905s][info][gc,marking  ] GC(5) Concurrent Mark From Roots
[0.906s][info][gc,task     ] GC(5) Using 3 workers of 3 for marking
[0.914s][info][gc,marking  ] GC(5) Concurrent Mark From Roots 8.570ms
[0.914s][info][gc,marking  ] GC(5) Concurrent Preclean
[0.915s][info][gc,marking  ] GC(5) Concurrent Preclean 0.502ms
[0.915s][info][gc,start    ] GC(5) Pause Remark
[0.917s][info][gc          ] GC(5) Pause Remark 34M->30M(128M) 1.427ms
[0.917s][info][gc,cpu      ] GC(5) User=0.00s Sys=0.00s Real=0.00s
[0.917s][info][gc,marking  ] GC(5) Concurrent Mark 11.755ms
[0.917s][info][gc,marking  ] GC(5) Concurrent Rebuild Remembered Sets and Scrub Regions
[0.921s][info][gc,marking  ] GC(5) Concurrent Rebuild Remembered Sets and Scrub Regions 3.761ms
[0.926s][info][gc,start    ] GC(5) Pause Cleanup
[0.926s][info][gc          ] GC(5) Pause Cleanup 31M->31M(128M) 0.227ms
[0.926s][info][gc,cpu      ] GC(5) User=0.00s Sys=0.00s Real=0.00s
[0.926s][info][gc,marking  ] GC(5) Concurrent Clear Claimed Marks
[0.927s][info][gc,marking  ] GC(5) Concurrent Clear Claimed Marks 0.178ms
[0.927s][info][gc,marking  ] GC(5) Concurrent Cleanup for Next Mark
[0.927s][info][gc,marking  ] GC(5) Concurrent Cleanup for Next Mark 0.525ms
[0.928s][info][gc          ] GC(5) Concurrent Mark Cycle 26.986ms
[1.204s][info][gc,start    ] GC(6) Pause Young (Normal) (G1 Evacuation Pause)
[1.205s][info][gc,task     ] GC(6) Using 8 workers of 10 for evacuation
[1.214s][info][gc,phases   ] GC(6)   Pre Evacuate Collection Set: 0.2ms
[1.214s][info][gc,phases   ] GC(6)   Merge Heap Roots: 0.1ms
[1.214s][info][gc,phases   ] GC(6)   Evacuate Collection Set: 7.3ms
[1.214s][info][gc,phases   ] GC(6)   Post Evacuate Collection Set: 1.2ms
[1.214s][info][gc,phases   ] GC(6)   Other: 0.2ms
[1.214s][info][gc,heap     ] GC(6) Eden regions: 8->0(9)
[1.215s][info][gc,heap     ] GC(6) Survivor regions: 2->2(2)
[1.215s][info][gc,heap     ] GC(6) Old regions: 5->8
[1.215s][info][gc,heap     ] GC(6) Humongous regions: 0->0
[1.215s][info][gc,metaspace] GC(6) Metaspace: 55441K(56064K)->55441K(56064K) NonClass: 49518K(49856K)->49518K(49856K) Class: 5923K(6208K)->5923K(6208K)
[1.215s][info][gc          ] GC(6) Pause Young (Normal) (G1 Evacuation Pause) 59M->34M(128M) 11.028ms
[1.215s][info][gc,cpu      ] GC(6) User=0.07s Sys=0.00s Real=0.01s
[1.528s][info][gc,start    ] GC(7) Pause Young (Concurrent Start) (Metadata GC Threshold)
[1.528s][info][gc,task     ] GC(7) Using 10 workers of 10 for evacuation
[1.536s][info][gc,phases   ] GC(7)   Pre Evacuate Collection Set: 0.3ms
[1.536s][info][gc,phases   ] GC(7)   Merge Heap Roots: 0.1ms
[1.536s][info][gc,phases   ] GC(7)   Evacuate Collection Set: 5.6ms
[1.536s][info][gc,phases   ] GC(7)   Post Evacuate Collection Set: 1.0ms
[1.536s][info][gc,phases   ] GC(7)   Other: 0.3ms
[1.536s][info][gc,heap     ] GC(7) Eden regions: 8->0(16)
[1.537s][info][gc,heap     ] GC(7) Survivor regions: 2->2(2)
[1.537s][info][gc,heap     ] GC(7) Old regions: 8->9
[1.537s][info][gc,heap     ] GC(7) Humongous regions: 0->0
[1.537s][info][gc,metaspace] GC(7) Metaspace: 62460K(63168K)->62460K(63168K) NonClass: 55744K(56128K)->55744K(56128K) Class: 6715K(7040K)->6715K(7040K)
[1.537s][info][gc          ] GC(7) Pause Young (Concurrent Start) (Metadata GC Threshold) 64M->42M(180M) 9.365ms
[1.537s][info][gc,cpu      ] GC(7) User=0.05s Sys=0.01s Real=0.01s
[1.537s][info][gc          ] GC(8) Concurrent Mark Cycle
[1.538s][info][gc,marking  ] GC(8) Concurrent Scan Root Regions
[1.541s][info][gc,marking  ] GC(8) Concurrent Scan Root Regions 3.839ms
[1.542s][info][gc,marking  ] GC(8) Concurrent Mark
[1.542s][info][gc,marking  ] GC(8) Concurrent Mark From Roots
[1.542s][info][gc,task     ] GC(8) Using 3 workers of 3 for marking
[1.558s][info][gc,marking  ] GC(8) Concurrent Mark From Roots 15.732ms
[1.562s][info][gc,marking  ] GC(8) Concurrent Preclean
[1.563s][info][gc,marking  ] GC(8) Concurrent Preclean 1.288ms
[1.566s][info][gc,start    ] GC(8) Pause Remark
[1.573s][info][gc          ] GC(8) Pause Remark 44M->44M(160M) 7.162ms
[1.573s][info][gc,cpu      ] GC(8) User=0.02s Sys=0.01s Real=0.01s
[1.574s][info][gc,marking  ] GC(8) Concurrent Mark 31.908ms
[1.574s][info][gc,marking  ] GC(8) Concurrent Rebuild Remembered Sets and Scrub Regions
[1.582s][info][gc,marking  ] GC(8) Concurrent Rebuild Remembered Sets and Scrub Regions 8.036ms
[1.582s][info][gc,start    ] GC(8) Pause Cleanup
[1.583s][info][gc          ] GC(8) Pause Cleanup 45M->45M(160M) 0.351ms
[1.583s][info][gc,cpu      ] GC(8) User=0.00s Sys=0.00s Real=0.00s
[1.583s][info][gc,marking  ] GC(8) Concurrent Clear Claimed Marks
[1.583s][info][gc,marking  ] GC(8) Concurrent Clear Claimed Marks 0.226ms
[1.584s][info][gc,marking  ] GC(8) Concurrent Cleanup for Next Mark
[1.584s][info][gc,marking  ] GC(8) Concurrent Cleanup for Next Mark 0.507ms
[1.585s][info][gc          ] GC(8) Concurrent Mark Cycle 47.182ms
[22.756s][info][gc,start    ] GC(9) Pause Young (Prepare Mixed) (G1 Evacuation Pause)
[22.759s][info][gc,task     ] GC(9) Using 10 workers of 10 for evacuation
[22.824s][info][gc,phases   ] GC(9)   Pre Evacuate Collection Set: 1.0ms
[22.824s][info][gc,phases   ] GC(9)   Merge Heap Roots: 0.8ms
[22.824s][info][gc,phases   ] GC(9)   Evacuate Collection Set: 60.8ms
[22.825s][info][gc,phases   ] GC(9)   Post Evacuate Collection Set: 1.6ms
[22.825s][info][gc,phases   ] GC(9)   Other: 1.4ms
[22.825s][info][gc,heap     ] GC(9) Eden regions: 16->0(14)
[22.825s][info][gc,heap     ] GC(9) Survivor regions: 2->3(3)
[22.825s][info][gc,heap     ] GC(9) Old regions: 9->11
[22.826s][info][gc,heap     ] GC(9) Humongous regions: 0->0
[22.826s][info][gc,metaspace] GC(9) Metaspace: 76103K(76992K)->76103K(76992K) NonClass: 67667K(68160K)->67667K(68160K) Class: 8436K(8832K)->8436K(8832K)
[22.826s][info][gc          ] GC(9) Pause Young (Prepare Mixed) (G1 Evacuation Pause) 106M->49M(160M) 70.233ms
[22.826s][info][gc,cpu      ] GC(9) User=0.41s Sys=0.05s Real=0.07s
[31.601s][info][gc,start    ] GC(10) Pause Young (Mixed) (Metadata GC Threshold)
[31.601s][info][gc,task     ] GC(10) Using 10 workers of 10 for evacuation
[31.624s][info][gc,phases   ] GC(10)   Pre Evacuate Collection Set: 0.4ms
[31.624s][info][gc,phases   ] GC(10)   Merge Heap Roots: 0.2ms
[31.625s][info][gc,phases   ] GC(10)   Evacuate Collection Set: 20.4ms
[31.625s][info][gc,phases   ] GC(10)   Post Evacuate Collection Set: 2.1ms
[31.625s][info][gc,phases   ] GC(10)   Other: 0.3ms
[31.625s][info][gc,heap     ] GC(10) Eden regions: 12->0(13)
[31.625s][info][gc,heap     ] GC(10) Survivor regions: 3->3(3)
[31.625s][info][gc,heap     ] GC(10) Old regions: 11->12
[31.626s][info][gc,heap     ] GC(10) Humongous regions: 0->0
[31.626s][info][gc,metaspace] GC(10) Metaspace: 105260K(106368K)->105260K(106368K) NonClass: 93231K(93888K)->93231K(93888K) Class: 12028K(12480K)->12028K(12480K)
[31.626s][info][gc          ] GC(10) Pause Young (Mixed) (Metadata GC Threshold) 97M->57M(160M) 25.238ms
[31.626s][info][gc,cpu      ] GC(10) User=0.08s Sys=0.09s Real=0.03s
[31.647s][info][gc,start    ] GC(11) Pause Young (Concurrent Start) (Metadata GC Threshold)
[31.647s][info][gc,task     ] GC(11) Using 10 workers of 10 for evacuation
[31.660s][info][gc,phases   ] GC(11)   Pre Evacuate Collection Set: 1.2ms
[31.660s][info][gc,phases   ] GC(11)   Merge Heap Roots: 0.2ms
[31.661s][info][gc,phases   ] GC(11)   Evacuate Collection Set: 10.2ms
[31.661s][info][gc,phases   ] GC(11)   Post Evacuate Collection Set: 0.8ms
[31.661s][info][gc,phases   ] GC(11)   Other: 0.4ms
[31.662s][info][gc,heap     ] GC(11) Eden regions: 2->0(10)
[31.662s][info][gc,heap     ] GC(11) Survivor regions: 3->2(2)
[31.662s][info][gc,heap     ] GC(11) Old regions: 12->15
[31.663s][info][gc,heap     ] GC(11) Humongous regions: 0->0
[31.663s][info][gc,metaspace] GC(11) Metaspace: 105635K(106688K)->105635K(106688K) NonClass: 93557K(94208K)->93557K(94208K) Class: 12078K(12480K)->12078K(12480K)
[31.663s][info][gc          ] GC(11) Pause Young (Concurrent Start) (Metadata GC Threshold) 62M->61M(160M) 15.803ms
[31.663s][info][gc,cpu      ] GC(11) User=0.06s Sys=0.02s Real=0.02s
[31.663s][info][gc          ] GC(12) Concurrent Mark Cycle
[31.664s][info][gc,marking  ] GC(12) Concurrent Scan Root Regions
[31.677s][info][gc,marking  ] GC(12) Concurrent Scan Root Regions 12.961ms
[31.678s][info][gc,marking  ] GC(12) Concurrent Mark
[31.678s][info][gc,marking  ] GC(12) Concurrent Mark From Roots
[31.678s][info][gc,task     ] GC(12) Using 3 workers of 3 for marking
[31.736s][info][gc,marking  ] GC(12) Concurrent Mark From Roots 58.473ms
[31.737s][info][gc,marking  ] GC(12) Concurrent Preclean
[31.737s][info][gc,marking  ] GC(12) Concurrent Preclean 0.303ms
[31.755s][info][gc,start    ] GC(12) Pause Remark
[31.811s][info][gc          ] GC(12) Pause Remark 79M->79M(160M) 56.268ms
[31.811s][info][gc,cpu      ] GC(12) User=0.49s Sys=0.00s Real=0.05s
[31.822s][info][gc,marking  ] GC(12) Concurrent Mark 144.196ms
[31.822s][info][gc,marking  ] GC(12) Concurrent Rebuild Remembered Sets and Scrub Regions
[31.882s][info][gc,marking  ] GC(12) Concurrent Rebuild Remembered Sets and Scrub Regions 60.097ms
[31.901s][info][gc,start    ] GC(12) Pause Cleanup
[31.901s][info][gc          ] GC(12) Pause Cleanup 85M->85M(160M) 0.379ms
[31.902s][info][gc,cpu      ] GC(12) User=0.00s Sys=0.00s Real=0.00s
[31.902s][info][gc,marking  ] GC(12) Concurrent Clear Claimed Marks
[31.902s][info][gc,marking  ] GC(12) Concurrent Clear Claimed Marks 0.232ms
[31.902s][info][gc,marking  ] GC(12) Concurrent Cleanup for Next Mark
[31.905s][info][gc,marking  ] GC(12) Concurrent Cleanup for Next Mark 2.915ms
[31.905s][info][gc          ] GC(12) Concurrent Mark Cycle 242.027ms
[32.186s][info][gc,start    ] GC(13) Pause Young (Prepare Mixed) (G1 Evacuation Pause)
[32.186s][info][gc,task     ] GC(13) Using 10 workers of 10 for evacuation
[32.195s][info][gc,phases   ] GC(13)   Pre Evacuate Collection Set: 0.2ms
[32.195s][info][gc,phases   ] GC(13)   Merge Heap Roots: 0.2ms
[32.196s][info][gc,phases   ] GC(13)   Evacuate Collection Set: 6.8ms
[32.196s][info][gc,phases   ] GC(13)   Post Evacuate Collection Set: 1.4ms
[32.196s][info][gc,phases   ] GC(13)   Other: 0.3ms
[32.196s][info][gc,heap     ] GC(13) Eden regions: 10->0(10)
[32.196s][info][gc,heap     ] GC(13) Survivor regions: 2->2(2)
[32.196s][info][gc,heap     ] GC(13) Old regions: 15->15
[32.196s][info][gc,heap     ] GC(13) Humongous regions: 4->1
[32.196s][info][gc,metaspace] GC(13) Metaspace: 119419K(120704K)->119419K(120704K) NonClass: 105678K(106496K)->105678K(106496K) Class: 13740K(14208K)->13740K(14208K)
[32.197s][info][gc          ] GC(13) Pause Young (Prepare Mixed) (G1 Evacuation Pause) 117M->70M(160M) 10.768ms
[32.197s][info][gc,cpu      ] GC(13) User=0.03s Sys=0.01s Real=0.01s
[32.374s][info][gc,start    ] GC(14) Pause Young (Mixed) (G1 Evacuation Pause)
[32.383s][info][gc,task     ] GC(14) Using 10 workers of 10 for evacuation
[32.411s][info][gc,phases   ] GC(14)   Pre Evacuate Collection Set: 0.3ms
[32.412s][info][gc,phases   ] GC(14)   Merge Heap Roots: 0.2ms
[32.412s][info][gc,phases   ] GC(14)   Evacuate Collection Set: 25.6ms
[32.412s][info][gc,phases   ] GC(14)   Post Evacuate Collection Set: 1.9ms
[32.412s][info][gc,phases   ] GC(14)   Other: 0.3ms
[32.413s][info][gc,heap     ] GC(14) Eden regions: 10->0(9)
[32.413s][info][gc,heap     ] GC(14) Survivor regions: 2->2(2)
[32.413s][info][gc,heap     ] GC(14) Old regions: 15->18
[32.413s][info][gc,heap     ] GC(14) Humongous regions: 1->1
[32.414s][info][gc,metaspace] GC(14) Metaspace: 123275K(124608K)->123275K(124608K) NonClass: 109055K(109824K)->109055K(109824K) Class: 14220K(14784K)->14220K(14784K)
[32.414s][info][gc          ] GC(14) Pause Young (Mixed) (G1 Evacuation Pause) 110M->80M(160M) 39.439ms
[32.414s][info][gc,cpu      ] GC(14) User=0.05s Sys=0.09s Real=0.04s
[32.495s][info][gc,start    ] GC(15) Pause Young (Concurrent Start) (G1 Evacuation Pause)
[32.495s][info][gc,task     ] GC(15) Using 10 workers of 10 for evacuation
[32.515s][info][gc,phases   ] GC(15)   Pre Evacuate Collection Set: 0.4ms
[32.515s][info][gc,phases   ] GC(15)   Merge Heap Roots: 0.1ms
[32.515s][info][gc,phases   ] GC(15)   Evacuate Collection Set: 17.9ms
[32.516s][info][gc,phases   ] GC(15)   Post Evacuate Collection Set: 1.1ms
[32.516s][info][gc,phases   ] GC(15)   Other: 0.4ms
[32.516s][info][gc,heap     ] GC(15) Eden regions: 9->0(9)
[32.516s][info][gc,heap     ] GC(15) Survivor regions: 2->2(2)
[32.516s][info][gc,heap     ] GC(15) Old regions: 18->20
[32.516s][info][gc,heap     ] GC(15) Humongous regions: 1->1
[32.517s][info][gc,metaspace] GC(15) Metaspace: 125708K(127040K)->125708K(127040K) NonClass: 111176K(111936K)->111176K(111936K) Class: 14532K(15104K)->14532K(15104K)
[32.517s][info][gc          ] GC(15) Pause Young (Concurrent Start) (G1 Evacuation Pause) 116M->86M(160M) 22.251ms
[32.517s][info][gc,cpu      ] GC(15) User=0.13s Sys=0.00s Real=0.02s
[32.517s][info][gc          ] GC(16) Concurrent Mark Cycle
[32.520s][info][gc,marking  ] GC(16) Concurrent Scan Root Regions
[32.527s][info][gc,marking  ] GC(16) Concurrent Scan Root Regions 7.602ms
[32.527s][info][gc,marking  ] GC(16) Concurrent Mark
[32.528s][info][gc,marking  ] GC(16) Concurrent Mark From Roots
[32.528s][info][gc,task     ] GC(16) Using 3 workers of 3 for marking
[32.601s][info][gc,marking  ] GC(16) Concurrent Mark From Roots 73.099ms
[32.601s][info][gc,marking  ] GC(16) Concurrent Preclean
[32.602s][info][gc,marking  ] GC(16) Concurrent Preclean 0.458ms
[32.604s][info][gc,start    ] GC(16) Pause Remark
[32.616s][info][gc          ] GC(16) Pause Remark 114M->114M(200M) 12.158ms
[32.617s][info][gc,cpu      ] GC(16) User=0.03s Sys=0.01s Real=0.01s
[32.617s][info][gc,marking  ] GC(16) Concurrent Mark 90.025ms
[32.620s][info][gc,marking  ] GC(16) Concurrent Rebuild Remembered Sets and Scrub Regions
[32.667s][info][gc,marking  ] GC(16) Concurrent Rebuild Remembered Sets and Scrub Regions 46.928ms
[32.667s][info][gc,start    ] GC(16) Pause Cleanup
[32.668s][info][gc          ] GC(16) Pause Cleanup 121M->121M(200M) 0.395ms
[32.668s][info][gc,cpu      ] GC(16) User=0.00s Sys=0.00s Real=0.00s
[32.668s][info][gc,marking  ] GC(16) Concurrent Clear Claimed Marks
[32.669s][info][gc,marking  ] GC(16) Concurrent Clear Claimed Marks 0.281ms
[32.669s][info][gc,marking  ] GC(16) Concurrent Cleanup for Next Mark
[32.675s][info][gc,marking  ] GC(16) Concurrent Cleanup for Next Mark 5.625ms
[32.675s][info][gc          ] GC(16) Concurrent Mark Cycle 157.373ms
[32.679s][info][gc,start    ] GC(17) Pause Young (Prepare Mixed) (G1 Evacuation Pause)
[32.680s][info][gc,task     ] GC(17) Using 10 workers of 10 for evacuation
[32.706s][info][gc,phases   ] GC(17)   Pre Evacuate Collection Set: 0.3ms
[32.707s][info][gc,phases   ] GC(17)   Merge Heap Roots: 0.1ms
[32.707s][info][gc,phases   ] GC(17)   Evacuate Collection Set: 24.6ms
[32.707s][info][gc,phases   ] GC(17)   Post Evacuate Collection Set: 1.0ms
[32.707s][info][gc,phases   ] GC(17)   Other: 0.3ms
[32.708s][info][gc,heap     ] GC(17) Eden regions: 9->0(15)
[32.708s][info][gc,heap     ] GC(17) Survivor regions: 2->1(2)
[32.708s][info][gc,heap     ] GC(17) Old regions: 20->21
[32.708s][info][gc,heap     ] GC(17) Humongous regions: 1->1
[32.709s][info][gc,metaspace] GC(17) Metaspace: 127604K(129088K)->127604K(129088K) NonClass: 112827K(113664K)->112827K(113664K) Class: 14777K(15424K)->14777K(15424K)
[32.709s][info][gc          ] GC(17) Pause Young (Prepare Mixed) (G1 Evacuation Pause) 122M->90M(200M) 29.673ms
[32.709s][info][gc,cpu      ] GC(17) User=0.05s Sys=0.06s Real=0.03s
[32.947s][info][gc,start    ] GC(18) Pause Young (Mixed) (G1 Evacuation Pause)
[32.947s][info][gc,task     ] GC(18) Using 10 workers of 10 for evacuation
[32.966s][info][gc,phases   ] GC(18)   Pre Evacuate Collection Set: 0.3ms
[32.966s][info][gc,phases   ] GC(18)   Merge Heap Roots: 0.2ms
[32.966s][info][gc,phases   ] GC(18)   Evacuate Collection Set: 14.3ms
[32.967s][info][gc,phases   ] GC(18)   Post Evacuate Collection Set: 4.0ms
[32.967s][info][gc,phases   ] GC(18)   Other: 0.2ms
[32.967s][info][gc,heap     ] GC(18) Eden regions: 15->0(61)
[32.967s][info][gc,heap     ] GC(18) Survivor regions: 1->2(2)
[32.967s][info][gc,heap     ] GC(18) Old regions: 21->22
[32.968s][info][gc,heap     ] GC(18) Humongous regions: 1->1
[32.969s][info][gc,metaspace] GC(18) Metaspace: 130981K(132416K)->130981K(132416K) NonClass: 115775K(116608K)->115775K(116608K) Class: 15206K(15808K)->15206K(15808K)
[32.970s][info][gc          ] GC(18) Pause Young (Mixed) (G1 Evacuation Pause) 150M->97M(516M) 23.226ms
[32.971s][info][gc,cpu      ] GC(18) User=0.07s Sys=0.02s Real=0.02s
[34.121s][info][gc,start    ] GC(19) Pause Young (Concurrent Start) (G1 Humongous Allocation)
[34.128s][info][gc,task     ] GC(19) Using 10 workers of 10 for evacuation
[34.153s][info][gc,phases   ] GC(19)   Pre Evacuate Collection Set: 0.4ms
[34.154s][info][gc,phases   ] GC(19)   Merge Heap Roots: 0.2ms
[34.154s][info][gc,phases   ] GC(19)   Evacuate Collection Set: 22.3ms
[34.154s][info][gc,phases   ] GC(19)   Post Evacuate Collection Set: 1.8ms
[34.154s][info][gc,phases   ] GC(19)   Other: 0.4ms
[34.155s][info][gc,heap     ] GC(19) Eden regions: 29->0(65)
[34.155s][info][gc,heap     ] GC(19) Survivor regions: 2->7(8)
[34.155s][info][gc,heap     ] GC(19) Old regions: 22->22
[34.155s][info][gc,heap     ] GC(19) Humongous regions: 1->1
[34.155s][info][gc,metaspace] GC(19) Metaspace: 142833K(144320K)->142833K(144320K) NonClass: 126185K(127040K)->126185K(127040K) Class: 16648K(17280K)->16648K(17280K)
[34.156s][info][gc          ] GC(19) Pause Young (Concurrent Start) (G1 Humongous Allocation) 209M->114M(516M) 34.958ms
[34.156s][info][gc,cpu      ] GC(19) User=0.10s Sys=0.08s Real=0.04s
[34.156s][info][gc          ] GC(20) Concurrent Mark Cycle
[34.158s][info][gc,marking  ] GC(20) Concurrent Scan Root Regions
[34.178s][info][gc,marking  ] GC(20) Concurrent Scan Root Regions 20.449ms
[34.183s][info][gc,marking  ] GC(20) Concurrent Mark
[34.184s][info][gc,marking  ] GC(20) Concurrent Mark From Roots
[34.185s][info][gc,task     ] GC(20) Using 3 workers of 3 for marking
[34.270s][info][gc,marking  ] GC(20) Concurrent Mark From Roots 85.401ms
[34.270s][info][gc,marking  ] GC(20) Concurrent Preclean
[34.271s][info][gc,marking  ] GC(20) Concurrent Preclean 0.664ms
[34.271s][info][gc,start    ] GC(20) Pause Remark
[34.280s][info][gc          ] GC(20) Pause Remark 135M->131M(468M) 8.626ms
[34.280s][info][gc,cpu      ] GC(20) User=0.02s Sys=0.02s Real=0.01s
[34.284s][info][gc,marking  ] GC(20) Concurrent Mark 100.969ms
[34.285s][info][gc,marking  ] GC(20) Concurrent Rebuild Remembered Sets and Scrub Regions
[34.329s][info][gc,marking  ] GC(20) Concurrent Rebuild Remembered Sets and Scrub Regions 43.500ms
[34.329s][info][gc,start    ] GC(20) Pause Cleanup
[34.330s][info][gc          ] GC(20) Pause Cleanup 132M->132M(468M) 0.454ms
[34.330s][info][gc,cpu      ] GC(20) User=0.01s Sys=0.01s Real=0.00s
[34.330s][info][gc,marking  ] GC(20) Concurrent Clear Claimed Marks
[34.331s][info][gc,marking  ] GC(20) Concurrent Clear Claimed Marks 0.858ms
[34.331s][info][gc,marking  ] GC(20) Concurrent Cleanup for Next Mark
[34.336s][info][gc,marking  ] GC(20) Concurrent Cleanup for Next Mark 5.006ms
[34.338s][info][gc          ] GC(20) Concurrent Mark Cycle 181.822ms
[52.685s][info][gc,start    ] GC(21) Pause Young (Prepare Mixed) (G1 Evacuation Pause)
[52.685s][info][gc,task     ] GC(21) Using 10 workers of 10 for evacuation
[52.725s][info][gc,phases   ] GC(21)   Pre Evacuate Collection Set: 0.3ms
[52.726s][info][gc,phases   ] GC(21)   Merge Heap Roots: 0.2ms
[52.727s][info][gc,phases   ] GC(21)   Evacuate Collection Set: 36.0ms
[52.727s][info][gc,phases   ] GC(21)   Post Evacuate Collection Set: 3.5ms
[52.727s][info][gc,phases   ] GC(21)   Other: 0.3ms
[52.727s][info][gc,heap     ] GC(21) Eden regions: 63->0(51)
[52.727s][info][gc,heap     ] GC(21) Survivor regions: 7->8(9)
[52.727s][info][gc,heap     ] GC(21) Old regions: 22->28
[52.728s][info][gc,heap     ] GC(21) Humongous regions: 14->0
[52.728s][info][gc,metaspace] GC(21) Metaspace: 162983K(164672K)->162983K(164672K) NonClass: 143743K(144704K)->143743K(144704K) Class: 19239K(19968K)->19239K(19968K)
[52.728s][info][gc          ] GC(21) Pause Young (Prepare Mixed) (G1 Evacuation Pause) 418M->137M(480M) 43.373ms
[52.728s][info][gc,cpu      ] GC(21) User=0.20s Sys=0.02s Real=0.04s
[103.395s][info][gc,start    ] GC(22) Pause Young (Mixed) (G1 Evacuation Pause)
[103.396s][info][gc,task     ] GC(22) Using 10 workers of 10 for evacuation
[103.425s][info][gc,phases   ] GC(22)   Pre Evacuate Collection Set: 0.2ms
[103.425s][info][gc,phases   ] GC(22)   Merge Heap Roots: 0.2ms
[103.425s][info][gc,phases   ] GC(22)   Evacuate Collection Set: 26.6ms
[103.426s][info][gc,phases   ] GC(22)   Post Evacuate Collection Set: 1.9ms
[103.426s][info][gc,phases   ] GC(22)   Other: 0.2ms
[103.426s][info][gc,heap     ] GC(22) Eden regions: 51->0(58)
[103.427s][info][gc,heap     ] GC(22) Survivor regions: 8->2(8)
[103.427s][info][gc,heap     ] GC(22) Old regions: 28->34
[103.428s][info][gc,heap     ] GC(22) Humongous regions: 18->1
[103.428s][info][gc,metaspace] GC(22) Metaspace: 167992K(169792K)->167992K(169792K) NonClass: 148196K(149184K)->148196K(149184K) Class: 19796K(20608K)->19796K(20608K)
[103.428s][info][gc          ] GC(22) Pause Young (Mixed) (G1 Evacuation Pause) 413M->143M(480M) 33.005ms
[103.429s][info][gc,cpu      ] GC(22) User=0.14s Sys=0.00s Real=0.03s
[115.471s][info][gc,start    ] GC(23) Pause Young (Concurrent Start) (G1 Evacuation Pause)
[115.471s][info][gc,task     ] GC(23) Using 10 workers of 10 for evacuation
[115.495s][info][gc,phases   ] GC(23)   Pre Evacuate Collection Set: 0.3ms
[115.495s][info][gc,phases   ] GC(23)   Merge Heap Roots: 0.2ms
[115.496s][info][gc,phases   ] GC(23)   Evacuate Collection Set: 22.4ms
[115.496s][info][gc,phases   ] GC(23)   Post Evacuate Collection Set: 1.0ms
[115.496s][info][gc,phases   ] GC(23)   Other: 0.3ms
[115.496s][info][gc,heap     ] GC(23) Eden regions: 58->0(60)
[115.496s][info][gc,heap     ] GC(23) Survivor regions: 2->5(8)
[115.496s][info][gc,heap     ] GC(23) Old regions: 34->34
[115.496s][info][gc,heap     ] GC(23) Humongous regions: 1->1
[115.496s][info][gc,metaspace] GC(23) Metaspace: 173825K(175808K)->173825K(175808K) NonClass: 153270K(154368K)->153270K(154368K) Class: 20554K(21440K)->20554K(21440K)
[115.497s][info][gc          ] GC(23) Pause Young (Concurrent Start) (G1 Evacuation Pause) 375M->152M(480M) 25.653ms
[115.497s][info][gc,cpu      ] GC(23) User=0.10s Sys=0.01s Real=0.03s
[115.497s][info][gc          ] GC(24) Concurrent Mark Cycle
[115.498s][info][gc,marking  ] GC(24) Concurrent Scan Root Regions
[115.509s][info][gc,marking  ] GC(24) Concurrent Scan Root Regions 11.023ms
[115.509s][info][gc,marking  ] GC(24) Concurrent Mark
[115.509s][info][gc,marking  ] GC(24) Concurrent Mark From Roots
[115.510s][info][gc,task     ] GC(24) Using 3 workers of 3 for marking
[115.613s][info][gc,marking  ] GC(24) Concurrent Mark From Roots 103.592ms
[115.666s][info][gc,marking  ] GC(24) Concurrent Preclean
[115.666s][info][gc,marking  ] GC(24) Concurrent Preclean 0.476ms
[115.667s][info][gc,start    ] GC(24) Pause Remark
[115.696s][info][gc          ] GC(24) Pause Remark 162M->162M(480M) 29.473ms
[115.696s][info][gc,cpu      ] GC(24) User=0.13s Sys=0.00s Real=0.03s
[115.698s][info][gc,marking  ] GC(24) Concurrent Mark 188.428ms
[115.700s][info][gc,marking  ] GC(24) Concurrent Rebuild Remembered Sets and Scrub Regions
[115.756s][info][gc,marking  ] GC(24) Concurrent Rebuild Remembered Sets and Scrub Regions 56.334ms
[115.757s][info][gc,start    ] GC(24) Pause Cleanup
[115.757s][info][gc          ] GC(24) Pause Cleanup 167M->167M(480M) 0.443ms
[115.758s][info][gc,cpu      ] GC(24) User=0.00s Sys=0.00s Real=0.00s
[115.758s][info][gc,marking  ] GC(24) Concurrent Clear Claimed Marks
[115.758s][info][gc,marking  ] GC(24) Concurrent Clear Claimed Marks 0.338ms
[115.759s][info][gc,marking  ] GC(24) Concurrent Cleanup for Next Mark
[115.759s][info][gc,marking  ] GC(24) Concurrent Cleanup for Next Mark 0.888ms
[115.760s][info][gc          ] GC(24) Concurrent Mark Cycle 262.908ms
[116.876s][info][gc,start    ] GC(25) Pause Young (Prepare Mixed) (G1 Evacuation Pause)
[116.876s][info][gc,task     ] GC(25) Using 10 workers of 10 for evacuation
[116.912s][info][gc,phases   ] GC(25)   Pre Evacuate Collection Set: 0.3ms
[116.912s][info][gc,phases   ] GC(25)   Merge Heap Roots: 0.2ms
[116.912s][info][gc,phases   ] GC(25)   Evacuate Collection Set: 33.7ms
[116.912s][info][gc,phases   ] GC(25)   Post Evacuate Collection Set: 1.2ms
[116.913s][info][gc,phases   ] GC(25)   Other: 0.3ms
[116.913s][info][gc,heap     ] GC(25) Eden regions: 60->0(60)
[116.913s][info][gc,heap     ] GC(25) Survivor regions: 5->8(9)
[116.913s][info][gc,heap     ] GC(25) Old regions: 34->34
[116.913s][info][gc,heap     ] GC(25) Humongous regions: 1->1
[116.913s][info][gc,metaspace] GC(25) Metaspace: 183830K(185856K)->183830K(185856K) NonClass: 161673K(162816K)->161673K(162816K) Class: 22157K(23040K)->22157K(23040K)
[116.913s][info][gc          ] GC(25) Pause Young (Prepare Mixed) (G1 Evacuation Pause) 392M->165M(480M) 37.096ms
[116.913s][info][gc,cpu      ] GC(25) User=0.13s Sys=0.02s Real=0.04s
[118.545s][info][gc,start    ] GC(26) Pause Young (Mixed) (G1 Evacuation Pause)
[118.545s][info][gc,task     ] GC(26) Using 10 workers of 10 for evacuation
[118.579s][info][gc,phases   ] GC(26)   Pre Evacuate Collection Set: 0.3ms
[118.579s][info][gc,phases   ] GC(26)   Merge Heap Roots: 0.1ms
[118.580s][info][gc,phases   ] GC(26)   Evacuate Collection Set: 32.6ms
[118.580s][info][gc,phases   ] GC(26)   Post Evacuate Collection Set: 0.8ms
[118.580s][info][gc,phases   ] GC(26)   Other: 0.2ms
[118.580s][info][gc,heap     ] GC(26) Eden regions: 60->0(59)
[118.580s][info][gc,heap     ] GC(26) Survivor regions: 8->7(9)
[118.580s][info][gc,heap     ] GC(26) Old regions: 34->36
[118.580s][info][gc,heap     ] GC(26) Humongous regions: 2->2
[118.580s][info][gc,metaspace] GC(26) Metaspace: 184277K(186240K)->184277K(186240K) NonClass: 162102K(163200K)->162102K(163200K) Class: 22174K(23040K)->22174K(23040K)
[118.580s][info][gc          ] GC(26) Pause Young (Mixed) (G1 Evacuation Pause) 409M->175M(480M) 35.536ms
[118.581s][info][gc,cpu      ] GC(26) User=0.12s Sys=0.03s Real=0.03s
[119.824s][info][gc,start    ] GC(27) Pause Young (Concurrent Start) (G1 Evacuation Pause)
[119.825s][info][gc,task     ] GC(27) Using 10 workers of 10 for evacuation
[119.851s][info][gc,phases   ] GC(27)   Pre Evacuate Collection Set: 0.3ms
[119.852s][info][gc,phases   ] GC(27)   Merge Heap Roots: 0.2ms
[119.852s][info][gc,phases   ] GC(27)   Evacuate Collection Set: 25.2ms
[119.852s][info][gc,phases   ] GC(27)   Post Evacuate Collection Set: 0.9ms
[119.852s][info][gc,phases   ] GC(27)   Other: 0.2ms
[119.852s][info][gc,heap     ] GC(27) Eden regions: 59->0(57)
[119.853s][info][gc,heap     ] GC(27) Survivor regions: 7->8(9)
[119.853s][info][gc,heap     ] GC(27) Old regions: 36->38
[119.853s][info][gc,heap     ] GC(27) Humongous regions: 2->1
[119.853s][info][gc,metaspace] GC(27) Metaspace: 184286K(186240K)->184286K(186240K) NonClass: 162112K(163200K)->162112K(163200K) Class: 22174K(23040K)->22174K(23040K)
[119.853s][info][gc          ] GC(27) Pause Young (Concurrent Start) (G1 Evacuation Pause) 411M->183M(480M) 28.676ms
[119.853s][info][gc          ] GC(28) Concurrent Mark Cycle
[119.853s][info][gc,cpu      ] GC(27) User=0.13s Sys=0.03s Real=0.03s
[119.853s][info][gc,marking  ] GC(28) Concurrent Scan Root Regions
[119.864s][info][gc,marking  ] GC(28) Concurrent Scan Root Regions 10.666ms
[119.864s][info][gc,marking  ] GC(28) Concurrent Mark
[119.865s][info][gc,marking  ] GC(28) Concurrent Mark From Roots
[119.865s][info][gc,task     ] GC(28) Using 3 workers of 3 for marking
[119.971s][info][gc,marking  ] GC(28) Concurrent Mark From Roots 106.092ms
[119.971s][info][gc,marking  ] GC(28) Concurrent Preclean
[119.972s][info][gc,marking  ] GC(28) Concurrent Preclean 0.419ms
[119.972s][info][gc,start    ] GC(28) Pause Remark
[120.022s][info][gc          ] GC(28) Pause Remark 201M->201M(480M) 49.790ms
[120.022s][info][gc,cpu      ] GC(28) User=0.14s Sys=0.00s Real=0.05s
[120.023s][info][gc,marking  ] GC(28) Concurrent Mark 158.207ms
[120.023s][info][gc,marking  ] GC(28) Concurrent Rebuild Remembered Sets and Scrub Regions
[120.066s][info][gc,marking  ] GC(28) Concurrent Rebuild Remembered Sets and Scrub Regions 43.363ms
[120.067s][info][gc,start    ] GC(28) Pause Cleanup
[120.067s][info][gc          ] GC(28) Pause Cleanup 211M->211M(480M) 0.512ms
[120.067s][info][gc,cpu      ] GC(28) User=0.00s Sys=0.00s Real=0.00s
[120.068s][info][gc,marking  ] GC(28) Concurrent Clear Claimed Marks
[120.068s][info][gc,marking  ] GC(28) Concurrent Clear Claimed Marks 0.301ms
[120.068s][info][gc,marking  ] GC(28) Concurrent Cleanup for Next Mark
[120.069s][info][gc,marking  ] GC(28) Concurrent Cleanup for Next Mark 0.707ms
[120.069s][info][gc          ] GC(28) Concurrent Mark Cycle 215.989ms
[120.939s][info][gc,start    ] GC(29) Pause Young (Prepare Mixed) (G1 Evacuation Pause)
[120.939s][info][gc,task     ] GC(29) Using 10 workers of 10 for evacuation
[120.953s][info][gc,phases   ] GC(29)   Pre Evacuate Collection Set: 0.3ms
[120.953s][info][gc,phases   ] GC(29)   Merge Heap Roots: 0.2ms
[120.953s][info][gc,phases   ] GC(29)   Evacuate Collection Set: 12.3ms
[120.954s][info][gc,phases   ] GC(29)   Post Evacuate Collection Set: 0.8ms
[120.954s][info][gc,phases   ] GC(29)   Other: 0.3ms
[120.954s][info][gc,heap     ] GC(29) Eden regions: 57->0(59)
[120.954s][info][gc,heap     ] GC(29) Survivor regions: 8->5(9)
[120.954s][info][gc,heap     ] GC(29) Old regions: 38->40
[120.954s][info][gc,heap     ] GC(29) Humongous regions: 1->1
[120.954s][info][gc,metaspace] GC(29) Metaspace: 184302K(186240K)->184302K(186240K) NonClass: 162139K(163200K)->162139K(163200K) Class: 22162K(23040K)->22162K(23040K)
[120.954s][info][gc          ] GC(29) Pause Young (Prepare Mixed) (G1 Evacuation Pause) 411M->180M(480M) 15.491ms
[120.955s][info][gc,cpu      ] GC(29) User=0.07s Sys=0.01s Real=0.02s
[121.846s][info][gc,start    ] GC(30) Pause Young (Mixed) (G1 Evacuation Pause)
[121.847s][info][gc,task     ] GC(30) Using 10 workers of 10 for evacuation
[121.866s][info][gc,phases   ] GC(30)   Pre Evacuate Collection Set: 0.4ms
[121.867s][info][gc,phases   ] GC(30)   Merge Heap Roots: 0.4ms
[121.867s][info][gc,phases   ] GC(30)   Evacuate Collection Set: 17.8ms
[121.867s][info][gc,phases   ] GC(30)   Post Evacuate Collection Set: 1.0ms
[121.867s][info][gc,phases   ] GC(30)   Other: 0.3ms
[121.867s][info][gc,heap     ] GC(30) Eden regions: 59->0(88)
[121.867s][info][gc,heap     ] GC(30) Survivor regions: 5->4(8)
[121.867s][info][gc,heap     ] GC(30) Old regions: 40->40
[121.867s][info][gc,heap     ] GC(30) Humongous regions: 1->1
[121.867s][info][gc,metaspace] GC(30) Metaspace: 184308K(186240K)->184308K(186240K) NonClass: 162145K(163200K)->162145K(163200K) Class: 22162K(23040K)->22162K(23040K)
[121.868s][info][gc          ] GC(30) Pause Young (Mixed) (G1 Evacuation Pause) 416M->176M(616M) 21.271ms
[121.868s][info][gc,cpu      ] GC(30) User=0.06s Sys=0.02s Real=0.02s
[122.141s][info][gc,start    ] GC(31) Pause Young (Concurrent Start) (G1 Humongous Allocation)
[122.141s][info][gc,task     ] GC(31) Using 10 workers of 10 for evacuation
[122.156s][info][gc,phases   ] GC(31)   Pre Evacuate Collection Set: 0.4ms
[122.156s][info][gc,phases   ] GC(31)   Merge Heap Roots: 0.1ms
[122.156s][info][gc,phases   ] GC(31)   Evacuate Collection Set: 12.9ms
[122.156s][info][gc,phases   ] GC(31)   Post Evacuate Collection Set: 0.9ms
[122.156s][info][gc,phases   ] GC(31)   Other: 0.3ms
[122.156s][info][gc,heap     ] GC(31) Eden regions: 17->0(87)
[122.157s][info][gc,heap     ] GC(31) Survivor regions: 4->5(12)
[122.157s][info][gc,heap     ] GC(31) Old regions: 40->40
[122.157s][info][gc,heap     ] GC(31) Humongous regions: 1->1
[122.157s][info][gc,metaspace] GC(31) Metaspace: 184310K(186240K)->184310K(186240K) NonClass: 162148K(163200K)->162148K(163200K) Class: 22162K(23040K)->22162K(23040K)
[122.157s][info][gc          ] GC(31) Pause Young (Concurrent Start) (G1 Humongous Allocation) 240M->180M(616M) 16.097ms
[122.157s][info][gc          ] GC(32) Concurrent Mark Cycle
[122.157s][info][gc,marking  ] GC(32) Concurrent Scan Root Regions
[122.157s][info][gc,cpu      ] GC(31) User=0.02s Sys=0.07s Real=0.02s
[122.160s][info][gc,marking  ] GC(32) Concurrent Scan Root Regions 2.759ms
[122.161s][info][gc,marking  ] GC(32) Concurrent Mark
[122.161s][info][gc,marking  ] GC(32) Concurrent Mark From Roots
[122.161s][info][gc,task     ] GC(32) Using 3 workers of 3 for marking
[122.271s][info][gc,marking  ] GC(32) Concurrent Mark From Roots 110.171ms
[122.271s][info][gc,marking  ] GC(32) Concurrent Preclean
[122.272s][info][gc,marking  ] GC(32) Concurrent Preclean 0.668ms
[122.272s][info][gc,start    ] GC(32) Pause Remark
[122.295s][info][gc          ] GC(32) Pause Remark 197M->197M(616M) 22.837ms
[122.295s][info][gc,cpu      ] GC(32) User=0.11s Sys=0.00s Real=0.02s
[122.296s][info][gc,marking  ] GC(32) Concurrent Mark 135.538ms
[122.297s][info][gc,marking  ] GC(32) Concurrent Rebuild Remembered Sets and Scrub Regions
[122.359s][info][gc,marking  ] GC(32) Concurrent Rebuild Remembered Sets and Scrub Regions 61.950ms
[122.360s][info][gc,start    ] GC(32) Pause Cleanup
[122.360s][info][gc          ] GC(32) Pause Cleanup 206M->206M(616M) 0.456ms
[122.360s][info][gc,cpu      ] GC(32) User=0.01s Sys=0.01s Real=0.00s
[122.361s][info][gc,marking  ] GC(32) Concurrent Clear Claimed Marks
[122.361s][info][gc,marking  ] GC(32) Concurrent Clear Claimed Marks 0.373ms
[122.361s][info][gc,marking  ] GC(32) Concurrent Cleanup for Next Mark
[122.362s][info][gc,marking  ] GC(32) Concurrent Cleanup for Next Mark 1.083ms
[122.362s][info][gc          ] GC(32) Concurrent Mark Cycle 205.322ms
[123.263s][info][gc,start    ] GC(33) Pause Young (Prepare Mixed) (G1 Evacuation Pause)
[123.263s][info][gc,task     ] GC(33) Using 10 workers of 10 for evacuation
[123.283s][info][gc,phases   ] GC(33)   Pre Evacuate Collection Set: 0.3ms
[123.283s][info][gc,phases   ] GC(33)   Merge Heap Roots: 0.2ms
[123.283s][info][gc,phases   ] GC(33)   Evacuate Collection Set: 18.1ms
[123.283s][info][gc,phases   ] GC(33)   Post Evacuate Collection Set: 1.1ms
[123.283s][info][gc,phases   ] GC(33)   Other: 0.2ms
[123.283s][info][gc,heap     ] GC(33) Eden regions: 87->0(76)
[123.283s][info][gc,heap     ] GC(33) Survivor regions: 5->12(12)
[123.283s][info][gc,heap     ] GC(33) Old regions: 40->40
[123.283s][info][gc,heap     ] GC(33) Humongous regions: 9->5
[123.284s][info][gc,metaspace] GC(33) Metaspace: 184322K(186240K)->184322K(186240K) NonClass: 162160K(163200K)->162160K(163200K) Class: 22162K(23040K)->22162K(23040K)
[123.284s][info][gc          ] GC(33) Pause Young (Prepare Mixed) (G1 Evacuation Pause) 560M->227M(616M) 21.081ms
[123.284s][info][gc,cpu      ] GC(33) User=0.06s Sys=0.03s Real=0.02s
[123.815s][info][gc,start    ] GC(34) Pause Young (Mixed) (G1 Evacuation Pause)
[123.816s][info][gc,task     ] GC(34) Using 10 workers of 10 for evacuation
[123.834s][info][gc,phases   ] GC(34)   Pre Evacuate Collection Set: 0.3ms
[123.834s][info][gc,phases   ] GC(34)   Merge Heap Roots: 0.2ms
[123.834s][info][gc,phases   ] GC(34)   Evacuate Collection Set: 17.1ms
[123.835s][info][gc,phases   ] GC(34)   Post Evacuate Collection Set: 0.7ms
[123.835s][info][gc,phases   ] GC(34)   Other: 0.2ms
[123.835s][info][gc,heap     ] GC(34) Eden regions: 76->0(69)
[123.835s][info][gc,heap     ] GC(34) Survivor regions: 12->11(11)
[123.835s][info][gc,heap     ] GC(34) Old regions: 40->45
[123.835s][info][gc,heap     ] GC(34) Humongous regions: 9->8
[123.835s][info][gc,metaspace] GC(34) Metaspace: 184325K(186304K)->184325K(186304K) NonClass: 162163K(163264K)->162163K(163264K) Class: 22162K(23040K)->22162K(23040K)
[123.835s][info][gc          ] GC(34) Pause Young (Mixed) (G1 Evacuation Pause) 547M->252M(620M) 20.160ms
[123.835s][info][gc,cpu      ] GC(34) User=0.12s Sys=0.00s Real=0.02s
[124.561s][info][gc,start    ] GC(35) Pause Young (Concurrent Start) (G1 Evacuation Pause)
[124.561s][info][gc,task     ] GC(35) Using 10 workers of 10 for evacuation
[124.577s][info][gc,phases   ] GC(35)   Pre Evacuate Collection Set: 0.3ms
[124.577s][info][gc,phases   ] GC(35)   Merge Heap Roots: 0.2ms
[124.577s][info][gc,phases   ] GC(35)   Evacuate Collection Set: 13.8ms
[124.577s][info][gc,phases   ] GC(35)   Post Evacuate Collection Set: 0.9ms
[124.578s][info][gc,phases   ] GC(35)   Other: 0.2ms
[124.578s][info][gc,heap     ] GC(35) Eden regions: 69->0(66)
[124.578s][info][gc,heap     ] GC(35) Survivor regions: 11->10(10)
[124.578s][info][gc,heap     ] GC(35) Old regions: 45->49
[124.578s][info][gc,heap     ] GC(35) Humongous regions: 8->7
[124.578s][info][gc,metaspace] GC(35) Metaspace: 184432K(186368K)->184432K(186368K) NonClass: 162255K(163328K)->162255K(163328K) Class: 22177K(23040K)->22177K(23040K)
[124.578s][info][gc          ] GC(35) Pause Young (Concurrent Start) (G1 Evacuation Pause) 528M->257M(620M) 17.071ms
[124.579s][info][gc          ] GC(36) Concurrent Mark Cycle
[124.579s][info][gc,marking  ] GC(36) Concurrent Scan Root Regions
[124.579s][info][gc,cpu      ] GC(35) User=0.09s Sys=0.01s Real=0.02s
[124.584s][info][gc,marking  ] GC(36) Concurrent Scan Root Regions 5.275ms
[124.584s][info][gc,marking  ] GC(36) Concurrent Mark
[124.585s][info][gc,marking  ] GC(36) Concurrent Mark From Roots
[124.585s][info][gc,task     ] GC(36) Using 3 workers of 3 for marking
[124.691s][info][gc,marking  ] GC(36) Concurrent Mark From Roots 106.041ms
[124.691s][info][gc,marking  ] GC(36) Concurrent Preclean
[124.692s][info][gc,marking  ] GC(36) Concurrent Preclean 0.723ms
[124.692s][info][gc,start    ] GC(36) Pause Remark
[124.704s][info][gc          ] GC(36) Pause Remark 296M->288M(620M) 11.588ms
[124.704s][info][gc,cpu      ] GC(36) User=0.03s Sys=0.01s Real=0.01s
[124.705s][info][gc,marking  ] GC(36) Concurrent Mark 120.493ms
[124.705s][info][gc,marking  ] GC(36) Concurrent Rebuild Remembered Sets and Scrub Regions
[124.755s][info][gc,marking  ] GC(36) Concurrent Rebuild Remembered Sets and Scrub Regions 49.618ms
[124.755s][info][gc,start    ] GC(36) Pause Cleanup
[124.756s][info][gc          ] GC(36) Pause Cleanup 303M->303M(620M) 0.498ms
[124.756s][info][gc,cpu      ] GC(36) User=0.00s Sys=0.00s Real=0.00s
[124.756s][info][gc,marking  ] GC(36) Concurrent Clear Claimed Marks
[124.757s][info][gc,marking  ] GC(36) Concurrent Clear Claimed Marks 1.071ms
[124.758s][info][gc,marking  ] GC(36) Concurrent Cleanup for Next Mark
[124.758s][info][gc,marking  ] GC(36) Concurrent Cleanup for Next Mark 0.749ms
[124.759s][info][gc          ] GC(36) Concurrent Mark Cycle 180.087ms
[125.428s][info][gc,start    ] GC(37) Pause Young (Prepare Mixed) (G1 Evacuation Pause)
[125.428s][info][gc,task     ] GC(37) Using 10 workers of 10 for evacuation
[125.446s][info][gc,phases   ] GC(37)   Pre Evacuate Collection Set: 0.3ms
[125.446s][info][gc,phases   ] GC(37)   Merge Heap Roots: 0.2ms
[125.446s][info][gc,phases   ] GC(37)   Evacuate Collection Set: 15.8ms
[125.446s][info][gc,phases   ] GC(37)   Post Evacuate Collection Set: 0.9ms
[125.447s][info][gc,phases   ] GC(37)   Other: 0.4ms
[125.447s][info][gc,heap     ] GC(37) Eden regions: 66->0(68)
[125.447s][info][gc,heap     ] GC(37) Survivor regions: 10->9(10)
[125.447s][info][gc,heap     ] GC(37) Old regions: 49->50
[125.447s][info][gc,heap     ] GC(37) Humongous regions: 5->5
[125.447s][info][gc,metaspace] GC(37) Metaspace: 184944K(186880K)->184944K(186880K) NonClass: 162667K(163776K)->162667K(163776K) Class: 22276K(23104K)->22276K(23104K)
[125.447s][info][gc          ] GC(37) Pause Young (Prepare Mixed) (G1 Evacuation Pause) 512M->251M(620M) 19.259ms
[125.448s][info][gc,cpu      ] GC(37) User=0.10s Sys=0.00s Real=0.02s
[126.230s][info][gc,start    ] GC(38) Pause Young (Mixed) (G1 Evacuation Pause)
[126.231s][info][gc,task     ] GC(38) Using 10 workers of 10 for evacuation
[126.247s][info][gc,phases   ] GC(38)   Pre Evacuate Collection Set: 0.3ms
[126.247s][info][gc,phases   ] GC(38)   Merge Heap Roots: 0.2ms
[126.247s][info][gc,phases   ] GC(38)   Evacuate Collection Set: 14.5ms
[126.247s][info][gc,phases   ] GC(38)   Post Evacuate Collection Set: 1.1ms
[126.248s][info][gc,phases   ] GC(38)   Other: 0.2ms
[126.248s][info][gc,heap     ] GC(38) Eden regions: 68->0(96)
[126.248s][info][gc,heap     ] GC(38) Survivor regions: 9->8(10)
[126.248s][info][gc,heap     ] GC(38) Old regions: 50->49
[126.248s][info][gc,heap     ] GC(38) Humongous regions: 5->5
[126.248s][info][gc,metaspace] GC(38) Metaspace: 184994K(186944K)->184994K(186944K) NonClass: 162718K(163840K)->162718K(163840K) Class: 22276K(23104K)->22276K(23104K)
[126.248s][info][gc          ] GC(38) Pause Young (Mixed) (G1 Evacuation Pause) 523M->245M(744M) 18.090ms
[126.249s][info][gc,cpu      ] GC(38) User=0.10s Sys=0.00s Real=0.02s
[126.264s][info][gc,start    ] GC(39) Pause Young (Concurrent Start) (G1 Humongous Allocation)
[126.264s][info][gc,task     ] GC(39) Using 10 workers of 10 for evacuation
[126.278s][info][gc,phases   ] GC(39)   Pre Evacuate Collection Set: 0.6ms
[126.278s][info][gc,phases   ] GC(39)   Merge Heap Roots: 0.2ms
[126.278s][info][gc,phases   ] GC(39)   Evacuate Collection Set: 11.4ms
[126.278s][info][gc,phases   ] GC(39)   Post Evacuate Collection Set: 0.8ms
[126.279s][info][gc,phases   ] GC(39)   Other: 0.5ms
[126.279s][info][gc,heap     ] GC(39) Eden regions: 2->0(93)
[126.279s][info][gc,heap     ] GC(39) Survivor regions: 8->1(13)
[126.279s][info][gc,heap     ] GC(39) Old regions: 49->57
[126.279s][info][gc,heap     ] GC(39) Humongous regions: 5->5
[126.279s][info][gc,metaspace] GC(39) Metaspace: 184994K(186944K)->184994K(186944K) NonClass: 162718K(163840K)->162718K(163840K) Class: 22276K(23104K)->22276K(23104K)
[126.279s][info][gc          ] GC(39) Pause Young (Concurrent Start) (G1 Humongous Allocation) 252M->248M(744M) 15.184ms
[126.280s][info][gc          ] GC(40) Concurrent Mark Cycle
[126.280s][info][gc,marking  ] GC(40) Concurrent Scan Root Regions
[126.280s][info][gc,cpu      ] GC(39) User=0.05s Sys=0.02s Real=0.01s
[126.283s][info][gc,marking  ] GC(40) Concurrent Scan Root Regions 3.237ms
[126.283s][info][gc,marking  ] GC(40) Concurrent Mark
[126.283s][info][gc,marking  ] GC(40) Concurrent Mark From Roots
[126.283s][info][gc,task     ] GC(40) Using 3 workers of 3 for marking
[126.392s][info][gc,marking  ] GC(40) Concurrent Mark From Roots 108.681ms
[126.392s][info][gc,marking  ] GC(40) Concurrent Preclean
[126.393s][info][gc,marking  ] GC(40) Concurrent Preclean 0.412ms
[126.393s][info][gc,start    ] GC(40) Pause Remark
[126.522s][info][gc          ] GC(40) Pause Remark 288M->268M(744M) 128.976ms
[126.523s][info][gc,cpu      ] GC(40) User=0.16s Sys=0.00s Real=0.13s
[126.523s][info][gc,marking  ] GC(40) Concurrent Mark 240.171ms
[126.524s][info][gc,marking  ] GC(40) Concurrent Rebuild Remembered Sets and Scrub Regions
[126.570s][info][gc,marking  ] GC(40) Concurrent Rebuild Remembered Sets and Scrub Regions 46.871ms
[126.571s][info][gc,start    ] GC(40) Pause Cleanup
[126.571s][info][gc          ] GC(40) Pause Cleanup 284M->284M(744M) 0.455ms
[126.572s][info][gc,cpu      ] GC(40) User=0.00s Sys=0.00s Real=0.00s
[126.572s][info][gc,marking  ] GC(40) Concurrent Clear Claimed Marks
[126.573s][info][gc,marking  ] GC(40) Concurrent Clear Claimed Marks 0.513ms
[126.573s][info][gc,marking  ] GC(40) Concurrent Cleanup for Next Mark
[126.574s][info][gc,marking  ] GC(40) Concurrent Cleanup for Next Mark 1.368ms
[126.575s][info][gc          ] GC(40) Concurrent Mark Cycle 294.964ms
[127.808s][info][gc,start    ] GC(41) Pause Young (Prepare Mixed) (G1 Evacuation Pause)
[127.808s][info][gc,task     ] GC(41) Using 10 workers of 10 for evacuation
[127.815s][info][gc,phases   ] GC(41)   Pre Evacuate Collection Set: 0.2ms
[127.815s][info][gc,phases   ] GC(41)   Merge Heap Roots: 0.2ms
[127.815s][info][gc,phases   ] GC(41)   Evacuate Collection Set: 5.2ms
[127.815s][info][gc,phases   ] GC(41)   Post Evacuate Collection Set: 0.7ms
[127.815s][info][gc,phases   ] GC(41)   Other: 0.2ms
[127.815s][info][gc,heap     ] GC(41) Eden regions: 93->0(101)
[127.816s][info][gc,heap     ] GC(41) Survivor regions: 1->3(12)
[127.816s][info][gc,heap     ] GC(41) Old regions: 56->56
[127.816s][info][gc,heap     ] GC(41) Humongous regions: 3->1
[127.816s][info][gc,metaspace] GC(41) Metaspace: 185010K(186944K)->185010K(186944K) NonClass: 162734K(163840K)->162734K(163840K) Class: 22276K(23104K)->22276K(23104K)
[127.816s][info][gc          ] GC(41) Pause Young (Prepare Mixed) (G1 Evacuation Pause) 608M->236M(744M) 8.394ms
[127.816s][info][gc,cpu      ] GC(41) User=0.04s Sys=0.00s Real=0.01s
[129.993s][info][gc,start    ] GC(42) Pause Young (Mixed) (G1 Evacuation Pause)
[129.994s][info][gc,task     ] GC(42) Using 10 workers of 10 for evacuation
[130.004s][info][gc,phases   ] GC(42)   Pre Evacuate Collection Set: 0.3ms
[130.004s][info][gc,phases   ] GC(42)   Merge Heap Roots: 0.2ms
[130.004s][info][gc,phases   ] GC(42)   Evacuate Collection Set: 8.0ms
[130.004s][info][gc,phases   ] GC(42)   Post Evacuate Collection Set: 0.8ms
[130.004s][info][gc,phases   ] GC(42)   Other: 0.3ms
[130.004s][info][gc,heap     ] GC(42) Eden regions: 101->0(106)
[130.004s][info][gc,heap     ] GC(42) Survivor regions: 3->5(13)
[130.005s][info][gc,heap     ] GC(42) Old regions: 56->51
[130.005s][info][gc,heap     ] GC(42) Humongous regions: 1->1
[130.005s][info][gc,metaspace] GC(42) Metaspace: 185087K(187008K)->185087K(187008K) NonClass: 162811K(163904K)->162811K(163904K) Class: 22276K(23104K)->22276K(23104K)
[130.005s][info][gc          ] GC(42) Pause Young (Mixed) (G1 Evacuation Pause) 640M->224M(744M) 11.564ms
[130.005s][info][gc,cpu      ] GC(42) User=0.06s Sys=0.00s Real=0.01s
[131.068s][info][gc,start    ] GC(43) Pause Young (Concurrent Start) (G1 Humongous Allocation)
[131.068s][info][gc,task     ] GC(43) Using 10 workers of 10 for evacuation
[131.079s][info][gc,phases   ] GC(43)   Pre Evacuate Collection Set: 0.3ms
[131.080s][info][gc,phases   ] GC(43)   Merge Heap Roots: 0.2ms
[131.080s][info][gc,phases   ] GC(43)   Evacuate Collection Set: 8.7ms
[131.081s][info][gc,phases   ] GC(43)   Post Evacuate Collection Set: 1.8ms
[131.081s][info][gc,phases   ] GC(43)   Other: 0.4ms
[131.081s][info][gc,heap     ] GC(43) Eden regions: 63->0(104)
[131.081s][info][gc,heap     ] GC(43) Survivor regions: 5->7(14)
[131.081s][info][gc,heap     ] GC(43) Old regions: 51->51
[131.081s][info][gc,heap     ] GC(43) Humongous regions: 1->1
[131.081s][info][gc,metaspace] GC(43) Metaspace: 185113K(187072K)->185113K(187072K) NonClass: 162837K(163968K)->162837K(163968K) Class: 22276K(23104K)->22276K(23104K)
[131.081s][info][gc          ] GC(43) Pause Young (Concurrent Start) (G1 Humongous Allocation) 472M->232M(744M) 13.961ms
[131.082s][info][gc,cpu      ] GC(43) User=0.06s Sys=0.02s Real=0.01s
[131.082s][info][gc          ] GC(44) Concurrent Mark Cycle
[131.082s][info][gc,marking  ] GC(44) Concurrent Scan Root Regions
[131.087s][info][gc,marking  ] GC(44) Concurrent Scan Root Regions 4.712ms
[131.087s][info][gc,marking  ] GC(44) Concurrent Mark
[131.088s][info][gc,marking  ] GC(44) Concurrent Mark From Roots
[131.088s][info][gc,task     ] GC(44) Using 3 workers of 3 for marking
[131.197s][info][gc,marking  ] GC(44) Concurrent Mark From Roots 109.444ms
[131.197s][info][gc,marking  ] GC(44) Concurrent Preclean
[131.198s][info][gc,marking  ] GC(44) Concurrent Preclean 0.330ms
[131.198s][info][gc,start    ] GC(44) Pause Remark
[131.211s][info][gc          ] GC(44) Pause Remark 287M->287M(744M) 12.657ms
[131.211s][info][gc,cpu      ] GC(44) User=0.04s Sys=0.00s Real=0.01s
[131.211s][info][gc,marking  ] GC(44) Concurrent Mark 123.849ms
[131.211s][info][gc,marking  ] GC(44) Concurrent Rebuild Remembered Sets and Scrub Regions
[131.256s][info][gc,marking  ] GC(44) Concurrent Rebuild Remembered Sets and Scrub Regions 45.098ms
[131.257s][info][gc,start    ] GC(44) Pause Cleanup
[131.257s][info][gc          ] GC(44) Pause Cleanup 303M->303M(744M) 0.431ms
[131.257s][info][gc,cpu      ] GC(44) User=0.00s Sys=0.00s Real=0.00s
[131.258s][info][gc,marking  ] GC(44) Concurrent Clear Claimed Marks
[131.258s][info][gc,marking  ] GC(44) Concurrent Clear Claimed Marks 0.377ms
[131.258s][info][gc,marking  ] GC(44) Concurrent Cleanup for Next Mark
[131.259s][info][gc,marking  ] GC(44) Concurrent Cleanup for Next Mark 0.689ms
[131.259s][info][gc          ] GC(44) Concurrent Mark Cycle 177.512ms
